// Vitest Snapshot v1

exports[`APP > works 1`] = `
<div>
  <div>
    <div
      style="height: 80px; background: rgb(5, 50, 255); padding: 1rem; place-self: center center; box-shadow: 0 3px 6px rgba(0,0,0,0.16), 0 3px 6px rgba(0,0,0,0.23);"
    >
      <div
        style="display: flex; justify-content: space-between;"
      >
        <div
          style="display: flex;"
        >
          <a
            href="/movie"
            style="text-decoration: none; color: rgb(255, 255, 255); font-size: 30px; font-weight: bold;"
          >
            Movies
          </a>
        </div>
        <div
          style="display: flex; align-items: center; align-content: center;"
        >
          <a
            href="/movies"
            style="text-decoration: none; color: rgb(255, 255, 255); font-weight: bold; margin-right: 1rem;"
          >
            MOVIES
          </a>
          <div
            style="color: white;"
          >
            <svg
              aria-hidden="true"
              class="MuiSvgIcon-root MuiSvgIcon-fontSizeMedium css-i4bv87-MuiSvgIcon-root"
              data-testid="SearchIcon"
              focusable="false"
              viewBox="0 0 24 24"
            >
              <path
                d="M15.5 14h-.79l-.28-.27C15.41 12.59 16 11.11 16 9.5 16 5.91 13.09 3 9.5 3S3 5.91 3 9.5 5.91 16 9.5 16c1.61 0 3.09-.59 4.23-1.57l.27.28v.79l5 4.99L20.49 19l-4.99-5zm-6 0C7.01 14 5 11.99 5 9.5S7.01 5 9.5 5 14 7.01 14 9.5 11.99 14 9.5 14z"
              />
            </svg>
          </div>
        </div>
      </div>
    </div>
    <div
      class="MuiContainer-root MuiContainer-maxWidthLg css-1oqqzyl-MuiContainer-root"
    >
      <div
        class="MuiBox-root css-esl8o0"
      />
    </div>
  </div>
</div>
`;

exports[`APP works 1`] = `
<div>
  <div>
    Hello There ok
  </div>
</div>
`;
